test_unknown_outcome_after_effect_never_repeats (tests.test_computer_use.Browser.test_unknown_outcome_after_effect_never_repeats) ... ERROR

======================================================================
ERROR: test_unknown_outcome_after_effect_never_repeats (tests.test_computer_use.Browser.test_unknown_outcome_after_effect_never_repeats)
----------------------------------------------------------------------
Traceback (most recent call last):
  File "C:\Users\bdgibby\Git\jev-harness\tests\test_computer_use.py", line 195, in test_unknown_outcome_after_effect_never_repeats
    self.launch()
    ~~~~~~~~~~~^^
  File "C:\Users\bdgibby\Git\jev-harness\tests\test_computer_use.py", line 84, in launch
    self.process = controller.start(self.root)
                   ~~~~~~~~~~~~~~~~^^^^^^^^^^^
  File "C:\Users\bdgibby\Git\jev-harness\computer_use.py", line 160, in start
    doctor()
    ~~~~~~^^
  File "C:\Users\bdgibby\Git\jev-harness\computer_use.py", line 21, in doctor
    raise UIError("Pinned browser verification failed; run setup. " + result.stderr.strip())
ui_common.UIError: Pinned browser verification failed; run setup. node:internal/modules/cjs/loader:1520
  throw err;
  ^

Error: Cannot find module 'C:UsersbdgibbyAppDataLocalTemptmpzy5l5t40fault.cjs'
Require stack:
- internal/preload
    at Module._resolveFilename (node:internal/modules/cjs/loader:1517:15)
    at wrapResolveFilename (node:internal/modules/cjs/loader:1071:27)
    at defaultResolveImplForCJSLoading (node:internal/modules/cjs/loader:1095:10)
    at resolveForCJSWithHooks (node:internal/modules/cjs/loader:1122:12)
    at Module._load (node:internal/modules/cjs/loader:1294:5)
    at wrapModuleLoad (node:internal/modules/cjs/loader:255:19)
    at Module.require (node:internal/modules/cjs/loader:1617:12)
    at node:internal/modules/cjs/loader:2163:12
    at loadPreloadModules (node:internal/process/pre_execution:711:5)
    at initializeModuleLoaders (node:internal/process/pre_execution:243:5) {
  code: 'MODULE_NOT_FOUND',
  requireStack: [ 'internal/preload' ]
}

Node.js v24.18.0

----------------------------------------------------------------------
Ran 1 test in 0.260s

FAILED (errors=1)
