test_direct_broker_and_verifier_with_real_pinned_docker (test_orchestration_tools.DockerInterfaceIntegrationTest.test_direct_broker_and_verifier_with_real_pinned_docker) ... ok
test_broker_applies_declared_patch_without_touching_source_or_claiming_completion (test_orchestration_tools.InterfaceTests.test_broker_applies_declared_patch_without_touching_source_or_claiming_completion) ... ok
test_broker_dry_run_has_no_writes_or_provider_calls (test_orchestration_tools.InterfaceTests.test_broker_dry_run_has_no_writes_or_provider_calls) ... ok
test_broker_rejects_undeclared_evaluator_write_before_output (test_orchestration_tools.InterfaceTests.test_broker_rejects_undeclared_evaluator_write_before_output) ... ok
test_changed_checkout_or_receipt_cannot_reach_verifier (test_orchestration_tools.InterfaceTests.test_changed_checkout_or_receipt_cannot_reach_verifier) ... ok
test_cli_reports_nonzero_json_for_missing_input (test_orchestration_tools.InterfaceTests.test_cli_reports_nonzero_json_for_missing_input) ... ok
test_existing_or_overlapping_destination_is_refused (test_orchestration_tools.InterfaceTests.test_existing_or_overlapping_destination_is_refused) ... ok
test_failed_verifier_keeps_unedited_output_and_terminal_failure (test_orchestration_tools.InterfaceTests.test_failed_verifier_keeps_unedited_output_and_terminal_failure) ... ok
test_first_run_uses_generated_fixture_without_manually_placed_patch (test_orchestration_tools.InterfaceTests.test_first_run_uses_generated_fixture_without_manually_placed_patch) ... ok
test_mutation_during_verification_cannot_complete (test_orchestration_tools.InterfaceTests.test_mutation_during_verification_cannot_complete) ... ok
test_reconstruct_dry_run_does_not_create_scratch_or_output (test_orchestration_tools.InterfaceTests.test_reconstruct_dry_run_does_not_create_scratch_or_output) ... ok
test_reconstruct_recovers_damaged_checkout_without_overwriting_it (test_orchestration_tools.InterfaceTests.test_reconstruct_recovers_damaged_checkout_without_overwriting_it) ... ok
test_reconstruct_rejects_tampered_patch_before_publishing (test_orchestration_tools.InterfaceTests.test_reconstruct_rejects_tampered_patch_before_publishing) ... ok
test_reconstruct_restores_missing_checkout_and_refuses_existing_output (test_orchestration_tools.InterfaceTests.test_reconstruct_restores_missing_checkout_and_refuses_existing_output) ... ok
test_verifier_dry_run_only_reads_and_does_not_invoke_docker (test_orchestration_tools.InterfaceTests.test_verifier_dry_run_only_reads_and_does_not_invoke_docker) ... ok
test_verifier_dry_run_rejects_missing_broker_instead_of_reporting_valid_scope (test_orchestration_tools.InterfaceTests.test_verifier_dry_run_rejects_missing_broker_instead_of_reporting_valid_scope) ... ok
test_verifier_failure_to_start_has_a_reportable_output_directory (test_orchestration_tools.InterfaceTests.test_verifier_failure_to_start_has_a_reportable_output_directory) ... ok
test_verify_uses_shared_sandbox_and_records_verdict (test_orchestration_tools.InterfaceTests.test_verify_uses_shared_sandbox_and_records_verdict) ... ok
test_zero_exit_without_verdict_never_completes (test_orchestration_tools.InterfaceTests.test_zero_exit_without_verdict_never_completes) ... ok

----------------------------------------------------------------------
Ran 19 tests in 6.885s

OK
